I'm sorry, but errors were detected in your script. Please correct the
errors listed below, and try again.


File "game/script.rpy", line 105: expected 'image_name_component' not found.
    scene:inside
         ^

Ren'Py Version: Ren'Py 8.2.1.24030407
Wed Jun  5 11:06:09 2024
